2026-05-14 10:36:24 | DEBUG | P01 | No variables found in .env
2026-05-14 10:36:24 | INFO | P01 | === RUN START ===
2026-05-14 10:36:24 | INFO | P01 | project=P01
2026-05-14 10:36:24 | INFO | P01 | repo_dir=streaming-01-foundations
2026-05-14 10:36:24 | INFO | P01 | python=3.14.2
2026-05-14 10:36:24 | INFO | P01 | os=Darwin 20.6.0
2026-05-14 10:36:24 | INFO | P01 | shell=zsh
2026-05-14 10:36:24 | INFO | P01 | cwd=.
2026-05-14 10:36:24 | INFO | P01 | github_actions=False
2026-05-14 10:36:24 | INFO | P01 | ========================
2026-05-14 10:36:24 | INFO | P01 | START producer main()
2026-05-14 10:36:24 | INFO | P01 | ========================
2026-05-14 10:36:24 | INFO | P01 | ROOT_DIR = .
2026-05-14 10:36:24 | INFO | P01 | DATA_DIR = data
2026-05-14 10:36:24 | INFO | P01 | SALES_CSV = data/sales.csv
2026-05-14 10:36:24 | INFO | P01 | TOPIC_CSV = data/output/streaming-01-topic-no-env.csv
2026-05-14 10:36:24 | INFO | P01 | ========================
2026-05-14 10:36:24 | INFO | P01 | SECTION A. Acquire
2026-05-14 10:36:24 | INFO | P01 | ========================
2026-05-14 10:36:24 | INFO | P01 | Loading settings from .env...
2026-05-14 10:36:24 | INFO | P01 | KAFKA_TOPIC                       = streaming-01-topic-no-env
2026-05-14 10:36:24 | INFO | P01 | KAFKA_CLEAR_TOPIC_ON_START        = False
2026-05-14 10:36:24 | INFO | P01 | PRODUCER_MESSAGE_COUNT            = 2
2026-05-14 10:36:24 | INFO | P01 | PRODUCER_MESSAGE_INTERVAL_SECONDS = 0.5
2026-05-14 10:36:24 | INFO | P01 | Verifying local source data...
2026-05-14 10:36:24 | INFO | P01 | Source file found: sales.csv
2026-05-14 10:36:24 | INFO | P01 | Preparing local simulated topic file...
2026-05-14 10:36:24 | INFO | P01 | Topic file will be created: streaming-01-topic-no-env.csv
2026-05-14 10:36:24 | INFO | P01 | ========================
2026-05-14 10:36:24 | INFO | P01 | SECTION P. Produce Messages
2026-05-14 10:36:24 | INFO | P01 | ========================
2026-05-14 10:36:24 | INFO | P01 | Sending messages...
2026-05-14 10:36:24 | INFO | P01 | Sending up to 2 local message(s).
2026-05-14 10:36:24 | INFO | P01 | Writing to simulated topic file: streaming-01-topic-no-env.csv
2026-05-14 10:36:24 | INFO | P01 | Watch each sale arrive. Press CTRL+C to stop early.

2026-05-14 10:36:24 | INFO | P01 | {
  order_id: e7324981-a9f0-419f-b708-d0a333451fff
  datetime: 2026-05-04T08:11:00Z
  region_id: US-TX
  currency_code: USD
  product_id: PY-STREAM-005
  unit_price: 59.99
  quantity: 3
  is_online: true
  customer_id: CUST-4150
  is_new_customer: false
  device_type: tablet
  payment_method: paypal
  referral_source: paid_search
  discount_code: 
  customer_note: Gift for my team
}
2026-05-14 10:36:24 | INFO | P01 |   Sending local message with key=US-TX
2026-05-14 10:36:24 | INFO | P01 |   MESSAGE SENT  sent=1
2026-05-14 10:36:24 | INFO | P01 | {
  order_id: d61943e0-f543-4b5f-9c9a-18605ea4cfe5
  datetime: 2026-05-04T08:23:00Z
  region_id: US-TX
  currency_code: USD
  product_id: PY-DATA-002
  unit_price: 49.99
  quantity: 1
  is_online: true
  customer_id: CUST-1106
  is_new_customer: false
  device_type: mobile
  payment_method: paypal
  referral_source: paid_search
  discount_code: 
  customer_note: Gift for my team
}
2026-05-14 10:36:24 | INFO | P01 |   Sending local message with key=US-TX
2026-05-14 10:36:24 | INFO | P01 |   MESSAGE SENT  sent=2
2026-05-14 10:36:25 | INFO | P01 | ========================
2026-05-14 10:36:25 | INFO | P01 | SECTION E. Exit
2026-05-14 10:36:25 | INFO | P01 | ========================
2026-05-14 10:36:25 | INFO | P01 | Summary:
2026-05-14 10:36:25 | INFO | P01 | Sent 2 message(s).
2026-05-14 10:36:25 | INFO | P01 | WROTE TOPIC_CSV = data/output/streaming-01-topic-no-env.csv
2026-05-14 10:36:25 | INFO | P01 | ========================
2026-05-14 10:36:25 | INFO | P01 | Producer executed successfully!
2026-05-14 10:36:25 | INFO | P01 | ========================
2026-05-14 10:37:03 | DEBUG | P01 | No variables found in .env
2026-05-14 10:37:03 | INFO | P01 | === RUN START ===
2026-05-14 10:37:03 | INFO | P01 | project=P01
2026-05-14 10:37:03 | INFO | P01 | repo_dir=streaming-01-foundations
2026-05-14 10:37:03 | INFO | P01 | python=3.14.2
2026-05-14 10:37:03 | INFO | P01 | os=Darwin 20.6.0
2026-05-14 10:37:03 | INFO | P01 | shell=zsh
2026-05-14 10:37:03 | INFO | P01 | cwd=.
2026-05-14 10:37:03 | INFO | P01 | github_actions=False
2026-05-14 10:37:03 | INFO | P01 | ========================
2026-05-14 10:37:03 | INFO | P01 | START producer main()
2026-05-14 10:37:03 | INFO | P01 | ========================
2026-05-14 10:37:03 | INFO | P01 | ROOT_DIR = .
2026-05-14 10:37:03 | INFO | P01 | DATA_DIR = data
2026-05-14 10:37:03 | INFO | P01 | SALES_CSV = data/sales.csv
2026-05-14 10:37:03 | INFO | P01 | TOPIC_CSV = data/output/streaming-01-topic-no-env.csv
2026-05-14 10:37:03 | INFO | P01 | ========================
2026-05-14 10:37:03 | INFO | P01 | SECTION A. Acquire
2026-05-14 10:37:03 | INFO | P01 | ========================
2026-05-14 10:37:03 | INFO | P01 | Loading settings from .env...
2026-05-14 10:37:03 | INFO | P01 | KAFKA_TOPIC                       = streaming-01-topic-no-env
2026-05-14 10:37:03 | INFO | P01 | KAFKA_CLEAR_TOPIC_ON_START        = False
2026-05-14 10:37:03 | INFO | P01 | PRODUCER_MESSAGE_COUNT            = 2
2026-05-14 10:37:03 | INFO | P01 | PRODUCER_MESSAGE_INTERVAL_SECONDS = 0.5
2026-05-14 10:37:03 | INFO | P01 | Verifying local source data...
2026-05-14 10:37:03 | INFO | P01 | Source file found: sales.csv
2026-05-14 10:37:03 | INFO | P01 | Preparing local simulated topic file...
2026-05-14 10:37:03 | INFO | P01 | Using existing topic file: streaming-01-topic-no-env.csv
2026-05-14 10:37:03 | INFO | P01 | ========================
2026-05-14 10:37:03 | INFO | P01 | SECTION P. Produce Messages
2026-05-14 10:37:03 | INFO | P01 | ========================
2026-05-14 10:37:03 | INFO | P01 | Sending messages...
2026-05-14 10:37:03 | INFO | P01 | Sending up to 2 local message(s).
2026-05-14 10:37:03 | INFO | P01 | Writing to simulated topic file: streaming-01-topic-no-env.csv
2026-05-14 10:37:03 | INFO | P01 | Watch each sale arrive. Press CTRL+C to stop early.

2026-05-14 10:37:03 | INFO | P01 | {
  order_id: e7324981-a9f0-419f-b708-d0a333451fff
  datetime: 2026-05-04T08:11:00Z
  region_id: US-TX
  currency_code: USD
  product_id: PY-STREAM-005
  unit_price: 59.99
  quantity: 3
  is_online: true
  customer_id: CUST-4150
  is_new_customer: false
  device_type: tablet
  payment_method: paypal
  referral_source: paid_search
  discount_code: 
  customer_note: Gift for my team
}
2026-05-14 10:37:03 | INFO | P01 |   Sending local message with key=US-TX
2026-05-14 10:37:03 | INFO | P01 |   MESSAGE SENT  sent=1
2026-05-14 10:37:03 | INFO | P01 | {
  order_id: d61943e0-f543-4b5f-9c9a-18605ea4cfe5
  datetime: 2026-05-04T08:23:00Z
  region_id: US-TX
  currency_code: USD
  product_id: PY-DATA-002
  unit_price: 49.99
  quantity: 1
  is_online: true
  customer_id: CUST-1106
  is_new_customer: false
  device_type: mobile
  payment_method: paypal
  referral_source: paid_search
  discount_code: 
  customer_note: Gift for my team
}
2026-05-14 10:37:03 | INFO | P01 |   Sending local message with key=US-TX
2026-05-14 10:37:03 | INFO | P01 |   MESSAGE SENT  sent=2
2026-05-14 10:37:04 | INFO | P01 | ========================
2026-05-14 10:37:04 | INFO | P01 | SECTION E. Exit
2026-05-14 10:37:04 | INFO | P01 | ========================
2026-05-14 10:37:04 | INFO | P01 | Summary:
2026-05-14 10:37:04 | INFO | P01 | Sent 2 message(s).
2026-05-14 10:37:04 | INFO | P01 | WROTE TOPIC_CSV = data/output/streaming-01-topic-no-env.csv
2026-05-14 10:37:04 | INFO | P01 | ========================
2026-05-14 10:37:04 | INFO | P01 | Producer executed successfully!
2026-05-14 10:37:04 | INFO | P01 | ========================
